2026-08-26 21:39:28,100 [INFO] scraper: Scrape started.
2026-08-26 21:39:30,842 [INFO] scraper: Fetched 1758 total records from API
2026-08-26 21:39:30,849 [INFO] scraper: Exported batch of 100 items
2026-08-26 21:39:30,853 [INFO] scraper: Exported batch of 100 items
2026-08-26 21:39:30,858 [INFO] scraper: Exported batch of 100 items
2026-08-26 21:39:30,862 [INFO] scraper: Exported batch of 100 items
2026-08-26 21:39:30,867 [INFO] scraper: Exported batch of 100 items
2026-08-26 21:39:30,871 [INFO] scraper: Exported batch of 100 items
2026-08-26 21:39:30,877 [INFO] scraper: Exported batch of 100 items
2026-08-26 21:39:30,881 [INFO] scraper: Exported batch of 100 items
2026-08-26 21:39:30,885 [INFO] scraper: Exported batch of 100 items
2026-08-26 21:39:30,891 [INFO] scraper: Exported batch of 100 items
2026-08-26 21:39:30,894 [INFO] scraper: Exported batch of 100 items
2026-08-26 21:39:30,895 [INFO] scraper: Exported batch of 16 items
2026-08-26 21:39:30,899 [INFO] scraper: Dedup state saved: 1116 known keys
2026-08-26 21:39:30,900 [INFO] scraper: === FINAL REPORT ===
2026-08-26 21:39:30,900 [INFO] scraper: Outcome             : COMPLETED
2026-08-26 21:39:30,900 [INFO] scraper: Expected records    : 1116
2026-08-26 21:39:30,901 [INFO] scraper: Records scraped     : 1116
2026-08-26 21:39:30,901 [INFO] scraper: Coverage            : 100.0%
2026-08-26 21:39:30,901 [INFO] scraper: Requests sent       : 1
2026-08-26 21:39:30,901 [INFO] scraper: Duplicates skipped  : 0
2026-08-26 21:39:30,901 [INFO] scraper: Records failed      : 0
2026-08-26 21:39:30,902 [INFO] scraper: Elapsed             : 2.80s
2026-08-26 21:39:30,902 [INFO] scraper: Run finished: outcome=COMPLETED, exported=1116
